// Jest Snapshot v1, https://goo.gl/fbAQLP

exports[`LangSelecta does not change 1`] = `
<div>
  <select>
    <option
      value="es"
    >
      ğŸ‡¦ğŸ‡· Espaniol
    </option>
    <option
      value="oto"
    >
      ğŸ‡²ğŸ‡½ Otomi
    </option>
    <option
      value="id"
    >
      ğŸ‡®ğŸ‡© Indonesiano
    </option>
  </select>
</div>
`;
