// Jest Snapshot v1, https://goo.gl/fbAQLP

exports[`LangSelecta component does not change 1`] = `
<div>
  <select>
    <option
      value="yi"
    >
      🏴‍☠ Yugopotamian
    </option>
    <option
      value="pl"
    >
      🇻🇦 Pig Latin
    </option>
  </select>
</div>
`;
